ID,age,education_tertiary,job_cashier,job_technician,marital_single,y_no
1,29,1.0,0.0,1.0,1.0,1.0
3,40,1.0,1.0,0.0,1.0,1.0
2,40,1.0,1.0,0.0,1.0,1.0
